// Jest Snapshot v1, https://goo.gl/fbAQLP

exports[`Snapshot 1`] = `
Object {
  "Outputs": Object {
    "TopicArn": Object {
      "Export": Object {
        "Name": "cdk-monitor-topic",
      },
      "Value": Object {
        "Ref": "CDKMonitorTopic152F2EBD",
      },
    },
  },
  "Parameters": Object {
    "BootstrapVersion": Object {
      "Default": "/cdk-bootstrap/hnb659fds/version",
      "Description": "Version of the CDK Bootstrap resources in this environment, automatically retrieved from SSM Parameter Store. [cdk:skip]",
      "Type": "AWS::SSM::Parameter::Value<String>",
    },
  },
  "Resources": Object {
    "CDKMonitorChannel74883F33": Object {
      "Properties": Object {
        "ConfigurationName": "cdk-monitor",
        "IamRoleArn": Object {
          "Fn::GetAtt": Array [
            "CDKMonitorChannelConfigurationRole1CD5941A",
            "Arn",
          ],
        },
        "SlackChannelId": "C03NVUV1F3P",
        "SlackWorkspaceId": "T03L7TWLH09",
        "SnsTopicArns": Array [
          Object {
            "Ref": "CDKMonitorTopic152F2EBD",
          },
        ],
      },
      "Type": "AWS::Chatbot::SlackChannelConfiguration",
    },
    "CDKMonitorChannelConfigurationRole1CD5941A": Object {
      "Properties": Object {
        "AssumeRolePolicyDocument": Object {
          "Statement": Array [
            Object {
              "Action": "sts:AssumeRole",
              "Effect": "Allow",
              "Principal": Object {
                "Service": "chatbot.amazonaws.com",
              },
            },
          ],
          "Version": "2012-10-17",
        },
      },
      "Type": "AWS::IAM::Role",
    },
    "CDKMonitorTopic152F2EBD": Object {
      "Properties": Object {
        "TopicName": "cdk-monitor",
      },
      "Type": "AWS::SNS::Topic",
    },
  },
  "Rules": Object {
    "CheckBootstrapVersion": Object {
      "Assertions": Array [
        Object {
          "Assert": Object {
            "Fn::Not": Array [
              Object {
                "Fn::Contains": Array [
                  Array [
                    "1",
                    "2",
                    "3",
                    "4",
                    "5",
                  ],
                  Object {
                    "Ref": "BootstrapVersion",
                  },
                ],
              },
            ],
          },
          "AssertDescription": "CDK bootstrap stack version 6 required. Please run 'cdk bootstrap' with a recent version of the CDK CLI.",
        },
      ],
    },
  },
}
`;
